// Jest Snapshot v1, https://goo.gl/fbAQLP

exports[`Invoices component match snapshot 1`] = `
"<reduxWrap>
  <Provider store={{...}}>
    <Connect(Invoices)>
      <Invoices invoicesReducer={{...}} getInvoices={[Function]} selectInvoice={[Function]} newInvoice={[Function]} deleteInvoice={[Function]} sortInvoices={[Function]}>
        <div className=\\"container\\">
          <div className=\\"header\\">
            <h1 className=\\"title\\">
              Invoices
            </h1>
            <Input placeholder=\\"Invoice #\\" value=\\"\\" onChange={[Function: onChange]}>
              <span className=\\"search\\">
                <input placeholder=\\"Invoice #\\" value=\\"\\" onChange={[Function: onChange]} />
              </span>
            </Input>
            <Button icon=\\"fas fa-plus\\" label=\\"Add Invoice\\" onClick={[Function: onClick]}>
              <button className=\\"button undefined\\" icon=\\"fas fa-plus\\" label=\\"Add Invoice\\" onClick={[Function: onClick]}>
                <i className=\\"fas fa-plus\\" />
                <span>
                  Add Invoice
                </span>
              </button>
            </Button>
          </div>
          <div className=\\"labels\\">
            <Label title=\\"0.00 $\\" subtitle=\\"Below invoices total\\" minilabels={{...}}>
              <span className=\\"label-component undefined\\" title=\\"0.00 $\\" subtitle=\\"Below invoices total\\" minilabels={{...}}>
                <span className=\\"label-subtitle\\">
                  Below invoices total
                </span>
                <span className=\\"label-title\\">
                  0.00 $
                </span>
                <span className=\\"label-footer\\">
                  <span className=\\"mini-label\\">
                    <span className=\\"mini-label-subtitle\\">
                      All invoices
                    </span>
                    <span className=\\"mini-label-title\\">
                      0
                    </span>
                  </span>
                  <span className=\\"mini-label\\">
                    <span className=\\"mini-label-subtitle\\">
                      Below invoices
                    </span>
                    <span className=\\"mini-label-title\\">
                      0
                    </span>
                  </span>
                </span>
              </span>
            </Label>
          </div>
          <div className=\\"card\\">
            <Button onMouseLeave={[Function: onMouseLeave]}>
              <table className=\\"table\\" onMouseLeave={[Function: onMouseLeave]}>
                <tbody>
                  <tr>
                    <th>
                      Invoice #
                    </th>
                    <th onClick={[Function: onClick]}>
                      <span>
                        Due Date
                      </span>
                      <i style={{...}} className=\\"fas fa-sort-amount-down\\" />
                    </th>
                    <th onClick={[Function: onClick]}>
                      <span>
                        Created Date
                      </span>
                      <i style={{...}} className=\\"fas fa-sort-amount-down\\" />
                    </th>
                    <th>
                      Sender Name
                    </th>
                    <th>
                      Recipient Name
                    </th>
                    <th>
                      Total Price (with tax)
                    </th>
                    <th style={{...}} />
                  </tr>
                </tbody>
              </table>
            </Button>
            <div className=\\"pagination\\">
              <Button type=\\"primary\\" icon=\\"fas fa-angle-double-left\\" onClick={[Function]} style={{...}}>
                <button className=\\"button primary\\" type=\\"primary\\" icon=\\"fas fa-angle-double-left\\" onClick={[Function]} style={{...}}>
                  <i className=\\"fas fa-angle-double-left\\" />
                </button>
              </Button>
              <Button type=\\"primary\\" icon=\\"fas fa-chevron-left\\" onClick={[Function]} style={{...}}>
                <button className=\\"button primary\\" type=\\"primary\\" icon=\\"fas fa-chevron-left\\" onClick={[Function]} style={{...}}>
                  <i className=\\"fas fa-chevron-left\\" />
                </button>
              </Button>
              <span>
                0
              </span>
              <Button type=\\"disabled\\" icon=\\"fas fa-chevron-right\\" onClick={[Function]} style={{...}}>
                <button className=\\"button disabled\\" type=\\"disabled\\" icon=\\"fas fa-chevron-right\\" onClick={[Function]} style={{...}}>
                  <i className=\\"fas fa-chevron-right\\" />
                </button>
              </Button>
              <Button type=\\"disabled\\" icon=\\"fas fa-angle-double-right\\" onClick={[Function]} style={{...}}>
                <button className=\\"button disabled\\" type=\\"disabled\\" icon=\\"fas fa-angle-double-right\\" onClick={[Function]} style={{...}}>
                  <i className=\\"fas fa-angle-double-right\\" />
                </button>
              </Button>
              <span className=\\"page-size\\">
                <Input placeholder=\\"Page Size\\" type=\\"number\\" onChange={[Function: onChange]} value={10} style={{...}}>
                  <span className=\\"input-container\\">
                    <span className=\\"label \\" style={{...}}>
                      Page Size
                    </span>
                    <input className=\\"input \\" placeholder=\\"Page Size\\" type=\\"number\\" onChange={[Function: onChange]} value={10} style={{...}} />
                  </span>
                </Input>
                <Button icon=\\"fas fa-sync\\" onClick={[Function]} style={{...}}>
                  <button className=\\"button undefined\\" icon=\\"fas fa-sync\\" onClick={[Function]} style={{...}}>
                    <i className=\\"fas fa-sync\\" />
                  </button>
                </Button>
              </span>
            </div>
          </div>
          <Connect(Invoice) editMode={false} show={false} onDismiss={[Function: onDismiss]}>
            <Invoice editMode={false} show={false} onDismiss={[Function: onDismiss]} invoicesReducer={{...}} updateInvoice={[Function]} saveInvoice={[Function]}>
              <span />
            </Invoice>
          </Connect(Invoice)>
          <Confirm title=\\"Delete Invoice\\" message=\\"You are about to delete invoice, continue ?\\" onConfirm={[Function: onConfirm]} onCancel={[Function: onCancel]} onDismiss={[Function: onDismiss]} show={false} type=\\"danger\\">
            <span />
          </Confirm>
        </div>
      </Invoices>
    </Connect(Invoices)>
  </Provider>
</reduxWrap>"
`;
